
> urara@0.0.1 build
> npm-run-all -s tsc urara:build kit:build clean


> urara@0.0.1 tsc
> tsc -p tsconfig.node.json


> urara@0.0.1 urara:build
> node urara.js build

4:43:15 PM [urara] error EEXIST: file already exists, mkdir 'D:\Programming\Website\website\static'
4:43:15 PM [urara] error EEXIST: file already exists, mkdir 'D:\Programming\Website\website\src\routes\2023-update'
4:43:15 PM [urara] error EEXIST: file already exists, mkdir 'D:\Programming\Website\website\static\2023-update'
4:43:15 PM [urara] error EEXIST: file already exists, mkdir 'D:\Programming\Website\website\src\routes\2024-update'
4:43:15 PM [urara] error EEXIST: file already exists, mkdir 'D:\Programming\Website\website\static\2024-update'
4:43:15 PM [urara] error EEXIST: file already exists, mkdir 'D:\Programming\Website\website\src\routes\annotations'
4:43:15 PM [urara] error EEXIST: file already exists, mkdir 'D:\Programming\Website\website\static\annotations'
4:43:15 PM [urara] error EEXIST: file already exists, mkdir 'D:\Programming\Website\website\src\routes\assets'
4:43:15 PM [urara] error EEXIST: file already exists, mkdir 'D:\Programming\Website\website\static\assets'
4:43:15 PM [urara] error EEXIST: file already exists, mkdir 'D:\Programming\Website\website\static\circles-clone-requirements'
4:43:15 PM [urara] error EEXIST: file already exists, mkdir 'D:\Programming\Website\website\src\routes\circles-clone-requirements'
4:43:15 PM [urara] error EEXIST: file already exists, mkdir 'D:\Programming\Website\website\static\cool-stuff'
4:43:15 PM [urara] error EEXIST: file already exists, mkdir 'D:\Programming\Website\website\src\routes\cool-stuff'
4:43:15 PM [urara] error EEXIST: file already exists, mkdir 'D:\Programming\Website\website\src\routes\css-dump'
4:43:15 PM [urara] error EEXIST: file already exists, mkdir 'D:\Programming\Website\website\static\css-dump'
4:43:15 PM [urara] error EEXIST: file already exists, mkdir 'D:\Programming\Website\website\src\routes\emulation-wasm'
4:43:15 PM [urara] error EEXIST: file already exists, mkdir 'D:\Programming\Website\website\static\emulation-wasm'
4:43:15 PM [urara] error EEXIST: file already exists, mkdir 'D:\Programming\Website\website\src\routes\guide-to-tech-1'
4:43:15 PM [urara] error EEXIST: file already exists, mkdir 'D:\Programming\Website\website\static\guide-to-tech-1'
4:43:15 PM [urara] error EEXIST: file already exists, mkdir 'D:\Programming\Website\website\static\guide-to-tech-2'
4:43:15 PM [urara] error EEXIST: file already exists, mkdir 'D:\Programming\Website\website\src\routes\guide-to-tech-2'
4:43:15 PM [urara] error EEXIST: file already exists, mkdir 'D:\Programming\Website\website\src\routes\guide-to-tech-2.5'
4:43:15 PM [urara] error EEXIST: file already exists, mkdir 'D:\Programming\Website\website\static\guide-to-tech-2.5'
4:43:15 PM [urara] error EEXIST: file already exists, mkdir 'D:\Programming\Website\website\static\guide-to-tech-3'
4:43:15 PM [urara] error EEXIST: file already exists, mkdir 'D:\Programming\Website\website\src\routes\guide-to-tech-3'
4:43:15 PM [urara] error EEXIST: file already exists, mkdir 'D:\Programming\Website\website\src\routes\guide-to-tech-faq'
4:43:15 PM [urara] error EEXIST: file already exists, mkdir 'D:\Programming\Website\website\static\guide-to-tech-faq'
4:43:15 PM [urara] error EEXIST: file already exists, mkdir 'D:\Programming\Website\website\src\routes\hecs-and-csp'
4:43:15 PM [urara] error EEXIST: file already exists, mkdir 'D:\Programming\Website\website\src\routes\neochomp'
4:43:15 PM [urara] error EEXIST: file already exists, mkdir 'D:\Programming\Website\website\static\hecs-and-csp'
4:43:15 PM [urara] error EEXIST: file already exists, mkdir 'D:\Programming\Website\website\static\neochomp'
4:43:15 PM [urara] error EEXIST: file already exists, mkdir 'D:\Programming\Website\website\src\routes\neochomp-blog-1'
4:43:15 PM [urara] error EEXIST: file already exists, mkdir 'D:\Programming\Website\website\src\routes\note-on-bigo'
4:43:15 PM [urara] error EEXIST: file already exists, mkdir 'D:\Programming\Website\website\static\neochomp-blog-1'
4:43:15 PM [urara] error EEXIST: file already exists, mkdir 'D:\Programming\Website\website\static\note-on-bigo'
4:43:15 PM [urara] error EEXIST: file already exists, mkdir 'D:\Programming\Website\website\static\nov-25-updates'
4:43:15 PM [urara] error EEXIST: file already exists, mkdir 'D:\Programming\Website\website\src\routes\nov-25-updates'
4:43:15 PM [urara] error EEXIST: file already exists, mkdir 'D:\Programming\Website\website\src\routes\pokered-elo-1'
4:43:15 PM [urara] error EEXIST: file already exists, mkdir 'D:\Programming\Website\website\static\pokered-elo-1'
4:43:15 PM [urara] error EEXIST: file already exists, mkdir 'D:\Programming\Website\website\src\routes\pokered-elo-2'
4:43:15 PM [urara] error EEXIST: file already exists, mkdir 'D:\Programming\Website\website\static\pokered-elo-2'
4:43:15 PM [urara] error EEXIST: file already exists, mkdir 'D:\Programming\Website\website\src\routes\setools'
4:43:15 PM [urara] error EEXIST: file already exists, mkdir 'D:\Programming\Website\website\src\routes\silicon-valley'
4:43:15 PM [urara] error EEXIST: file already exists, mkdir 'D:\Programming\Website\website\static\setools'
4:43:15 PM [urara] error EEXIST: file already exists, mkdir 'D:\Programming\Website\website\static\silicon-valley'
4:43:15 PM [urara] error EEXIST: file already exists, mkdir 'D:\Programming\Website\website\src\routes\the-story-of-setool'
4:43:15 PM [urara] error EEXIST: file already exists, mkdir 'D:\Programming\Website\website\src\routes\twenty-datascience-degrees'
4:43:15 PM [urara] error EEXIST: file already exists, mkdir 'D:\Programming\Website\website\static\the-story-of-setool'
4:43:15 PM [urara] error EEXIST: file already exists, mkdir 'D:\Programming\Website\website\static\twenty-datascience-degrees'
4:43:15 PM [urara] error EEXIST: file already exists, mkdir 'D:\Programming\Website\website\src\routes\uni-journey-1'
4:43:15 PM [urara] error EEXIST: file already exists, mkdir 'D:\Programming\Website\website\static\uni-journey-1'
4:43:15 PM [urara] error EEXIST: file already exists, mkdir 'D:\Programming\Website\website\src\routes\uni-journey-2'
4:43:15 PM [urara] error EEXIST: file already exists, mkdir 'D:\Programming\Website\website\static\uni-journey-2'
4:43:15 PM [urara] error EEXIST: file already exists, mkdir 'D:\Programming\Website\website\src\routes\unit-scores-dashboard'
4:43:15 PM [urara] error EEXIST: file already exists, mkdir 'D:\Programming\Website\website\static\unit-scores-dashboard'
4:43:15 PM [urara] error EEXIST: file already exists, mkdir 'D:\Programming\Website\website\src\routes\universe-of-units'
4:43:15 PM [urara] error EEXIST: file already exists, mkdir 'D:\Programming\Website\website\static\universe-of-units'
4:43:15 PM [urara] error EEXIST: file already exists, mkdir 'D:\Programming\Website\website\src\routes\university-advice'
4:43:15 PM [urara] error EEXIST: file already exists, mkdir 'D:\Programming\Website\website\static\university-advice'
4:43:15 PM [urara] error EEXIST: file already exists, mkdir 'D:\Programming\Website\website\src\routes\uwucode'
4:43:15 PM [urara] error EEXIST: file already exists, mkdir 'D:\Programming\Website\website\static\uwucode'
4:43:15 PM [urara] error EEXIST: file already exists, mkdir 'D:\Programming\Website\website\src\routes\voltchip'
4:43:15 PM [urara] error EEXIST: file already exists, mkdir 'D:\Programming\Website\website\static\voltchip'
4:43:15 PM [urara] copy file static\annotations\elo_calculator.py
4:43:15 PM [urara] copy file src\routes\2023-update\+page.md
4:43:15 PM [urara] copy file src\routes\2024-update\+page.md
4:43:15 PM [urara] copy file static\annotations\ponder.py
4:43:15 PM [urara] error EEXIST: file already exists, mkdir 'D:\Programming\Website\website\src\routes\assets\blog'
4:43:15 PM [urara] error EEXIST: file already exists, mkdir 'D:\Programming\Website\website\static\assets\blog'
4:43:15 PM [urara] copy file static\assets\any@180.png
4:43:15 PM [urara] copy file static\assets\any@192.png
4:43:15 PM [urara] copy file static\assets\any@512.png
4:43:15 PM [urara] copy file static\assets\digicor.jpg
4:43:15 PM [urara] error EEXIST: file already exists, mkdir 'D:\Programming\Website\website\src\routes\assets\guide-to-tech'
4:43:15 PM [urara] error EEXIST: file already exists, mkdir 'D:\Programming\Website\website\static\assets\guide-to-tech'
4:43:15 PM [urara] copy file static\assets\fatpika-cursor.png
4:43:15 PM [urara] copy file static\assets\favicon.png
4:43:15 PM [urara] copy file static\assets\maskable@192.png
4:43:15 PM [urara] copy file static\assets\fatpika.png
4:43:15 PM [urara] error EEXIST: file already exists, mkdir 'D:\Programming\Website\website\src\routes\assets\neochomp'
4:43:15 PM [urara] error EEXIST: file already exists, mkdir 'D:\Programming\Website\website\static\assets\neochomp'
4:43:15 PM [urara] copy file static\assets\honours_thesis.pdf
4:43:15 PM [urara] copy file static\assets\network.json
4:43:15 PM [urara] copy file static\assets\maskable@512.png
4:43:15 PM [urara] error EEXIST: file already exists, mkdir 'D:\Programming\Website\website\src\routes\assets\setool'
4:43:15 PM [urara] error EEXIST: file already exists, mkdir 'D:\Programming\Website\website\static\assets\setool'
4:43:15 PM [urara] error EEXIST: file already exists, mkdir 'D:\Programming\Website\website\src\routes\assets\uni-journey'
4:43:15 PM [urara] copy file static\assets\monash.jpeg
4:43:15 PM [urara] error EEXIST: file already exists, mkdir 'D:\Programming\Website\website\static\assets\uni-journey'
4:43:15 PM [urara] error EEXIST: file already exists, mkdir 'D:\Programming\Website\website\src\routes\assets\universe-units'
4:43:15 PM [urara] error EEXIST: file already exists, mkdir 'D:\Programming\Website\website\static\assets\universe-units'
4:43:15 PM [urara] copy file static\assets\resume.pdf
4:43:15 PM [urara] error EEXIST: file already exists, mkdir 'D:\Programming\Website\website\src\routes\assets\update'
4:43:15 PM [urara] error EEXIST: file already exists, mkdir 'D:\Programming\Website\website\static\assets\update'
4:43:15 PM [urara] copy file static\assets\pfp.png
4:43:15 PM [urara] copy file src\routes\emulation-wasm\+page.md
4:43:15 PM [urara] copy file src\routes\css-dump\+page.md
4:43:15 PM [urara] copy file src\routes\circles-clone-requirements\+page.md
4:43:15 PM [urara] copy file src\routes\cool-stuff\+page.md
4:43:15 PM [urara] copy file src\routes\guide-to-tech-1\+page.md
4:43:15 PM [urara] copy file src\routes\guide-to-tech-2\+page.md
4:43:15 PM [urara] copy file src\routes\guide-to-tech-3\+page.md
4:43:15 PM [urara] copy file src\routes\guide-to-tech-faq\+page.md
4:43:15 PM [urara] copy file src\routes\guide-to-tech-2.5\+page.md
4:43:15 PM [urara] copy file src\routes\hecs-and-csp\+page.md
4:43:15 PM [urara] copy file src\routes\neochomp\+page.md
4:43:15 PM [urara] copy file src\routes\neochomp-blog-1\+page.md
4:43:15 PM [urara] copy file src\routes\nov-25-updates\+page.md
4:43:15 PM [urara] copy file src\routes\pokered-elo-1\+page.md
4:43:15 PM [urara] copy file src\routes\note-on-bigo\+page.md
4:43:15 PM [urara] copy file src\routes\pokered-elo-2\+page.md
4:43:15 PM [urara] copy file src\routes\setools\+page.md
4:43:15 PM [urara] copy file src\routes\silicon-valley\+page.md
4:43:15 PM [urara] copy file src\routes\the-story-of-setool\+page.md
4:43:15 PM [urara] copy file src\routes\twenty-datascience-degrees\+page.md
4:43:15 PM [urara] copy file src\routes\uni-journey-1\+page.md
4:43:15 PM [urara] copy file src\routes\unit-scores-dashboard\+page.md
4:43:15 PM [urara] copy file src\routes\uni-journey-2\+page.md
4:43:15 PM [urara] copy file src\routes\universe-of-units\+page.md
4:43:15 PM [urara] copy file src\routes\uwucode\+page.md
4:43:15 PM [urara] copy file src\routes\voltchip\+page.md
4:43:15 PM [urara] copy file src\routes\university-advice\+page.md
4:43:15 PM [urara] copy file static\assets\guide-to-tech\proctoring.PNG
4:43:15 PM [urara] copy file static\assets\guide-to-tech\be_greater.jpg
4:43:15 PM [urara] copy file static\assets\guide-to-tech\chika.gif
4:43:15 PM [urara] copy file static\assets\guide-to-tech\mac_committee_2023.png
4:43:15 PM [urara] error EEXIST: file already exists, mkdir 'D:\Programming\Website\website\src\routes\assets\neochomp\blog-1'
4:43:15 PM [urara] copy file static\assets\guide-to-tech\strong_atar.PNG
4:43:15 PM [urara] error EEXIST: file already exists, mkdir 'D:\Programming\Website\website\static\assets\neochomp\blog-1'
4:43:15 PM [urara] copy file static\assets\guide-to-tech\surpass.jpg
4:43:15 PM [urara] copy file static\assets\setool\setool_v1.png
4:43:15 PM [urara] copy file static\assets\setool\setool_v2.png
4:43:15 PM [urara] copy file static\assets\setool\setool_v3.png
4:43:15 PM [urara] copy file static\assets\uni-journey\msa_org.PNG
4:43:15 PM [urara] copy file static\assets\uni-journey\mac_foundations.PNG
4:43:15 PM [urara] copy file static\assets\universe-units\monash-handbook-1.PNG
4:43:15 PM [urara] copy file static\assets\universe-units\csesoc-circles-1.PNG
4:43:15 PM [urara] copy file static\assets\guide-to-tech\spiderman-when.gif
4:43:15 PM [urara] copy file static\assets\update\siggraph.jpg
4:43:15 PM [urara] copy file static\assets\update\mac2023.jpg
4:43:15 PM [urara] copy file static\assets\update\wtf.png
4:43:15 PM [urara] copy file static\assets\neochomp\blog-1\ado.png
4:43:15 PM [urara] copy file static\assets\neochomp\blog-1\experience.png
4:43:15 PM [urara] copy file static\assets\neochomp\blog-1\banana.png
4:43:15 PM [urara] copy file static\assets\neochomp\blog-1\newgenesis.png
4:43:15 PM [urara] copy file static\assets\neochomp\blog-1\ptv.png
4:43:15 PM [urara] copy file static\assets\neochomp\blog-1\rpi.png
4:43:15 PM [urara] copy file static\assets\neochomp\blog-1\pricey.png
4:43:15 PM [urara] copy file static\assets\neochomp\blog-1\teardown.png
4:43:15 PM [urara] copy file static\assets\neochomp\blog-1\total.png
4:43:15 PM [urara] copy file static\assets\neochomp\blog-1\pikachu_dancing.mp4
4:43:15 PM [urara] copy file static\assets\neochomp\blog-1\train_1.jpeg

> urara@0.0.1 kit:build
> cross-env NODE_OPTIONS=--max_old_space_size=7680 vite build

node.exe : Browserslist: caniuse-lite is outdated. Please run:
At C:\Program Files\nodejs\npm.ps1:29 char:3
+   & $NODE_EXE $NPM_CLI_JS $args
+   ~~~~~~~~~~~~~~~~~~~~~~~~~~~~~
    + CategoryInfo          : NotSpecified: (Browserslist: c...ed. Please run: 
   :String) [], RemoteException
    + FullyQualifiedErrorId : NativeCommandError
 
  npx update-browserslist-db@latest
  Why you should do it regularly: 
https://github.com/browserslist/update-db#readme

[36mvite v4.4.8 [32mbuilding SSR bundle for production...[36m[39m
transforming...

src\routes\growth\2026\[id]\+page.svelte
`export const prerender` will be ignored ΓÇö move it to +page(.server).js/ts instead. See https://kit.svelte.dev/docs/page-options for more information.

[35m≡ƒî╝ daisyUI components 2.52.0[0m [0m https://daisyui.com
  [32mΓ£ö∩╕Ä Including:[0m [0m base, components, 5 themes, utilities
  [32mΓ¥ñ∩╕Ä Support daisyUI: [0m https://opencollective.com/daisyui [0m
  
4:43:24 PM [vite-plugin-svelte] 
/src/routes/monash-graph/components/GraphControls.svelte:11:11 GraphControls 
has unused export property 'isCollapsed'. If it is for external reference 
only, please consider using `export const isCollapsed`
 9: export let onClearUnits = () => {
10: };
11: export let isCollapsed = false;
               ^
12: function handleSearchKeyPress(event) {
13:   if (event.key === "Enter") {
4:43:25 PM [vite-plugin-svelte] /src/lib/components/image_lightbox.svelte:88:6 
A11y: visible, non-interactive elements with an on:click event must be 
accompanied by an on:keydown, on:keyup, or on:keypress event.
86:       role="button"
87:       tabindex="-1">
88:       <img
          ^
89:         src={currentImage}
90:         alt={currentAlt}
4:43:26 PM [vite-plugin-svelte] /src/lib/components/header_nav.svelte:50:8 
A11y: A form label must be associated with a control.
48:     <li class="md:hidden mt-2 pt-2 border-t border-base-content/10">
49:       <div class="form-control px-2">
50:         <label class="label py-1">
            ^
51:           <span class="label-text text-xs opacity-70">Background</span>
52:         </label>

[35m≡ƒî╝ daisyUI components 2.52.0[0m [0m https://daisyui.com
  [32mΓ£ö∩╕Ä Including:[0m [0m base, components, 5 themes, utilities
  [32mΓ¥ñ∩╕Ä Support daisyUI: [0m https://opencollective.com/daisyui [0m
  
4:43:27 PM [vite-plugin-svelte] 
/src/lib/components/comments/giscus.svelte:3:11 Giscus has unused export 
property 'post'. If it is for external reference only, please consider using 
`export const post`
1: <script lang="ts">import { onMount } from "svelte";
2: import { browser } from "$app/environment";
3: export let post;
              ^
4: export let config;
5: let giscusContainer;
